---
ended_at: "2016-09-07T11:01:36.719-07:00"
is_ended: true
