---
# if you look at the 'given' in this case, you'll see the 'started_at' comes from a nested field...
# it comes from the 'display_at' for the first update.
# it seems this is the kinda case where an incident is added retroactively, but not all fields plugged in.
started_at: "2016-09-03T17:25:00.000-04:00"
ended_at: "2016-09-03T17:28:00.000-04:00"
